// Jest Snapshot v1, https://goo.gl/fbAQLP

exports[`Charts Charts snapshot 1`] = `
<div class="charts">
  <div class="chart-container">
    <h3>Bar chart</h3> <canvas class="barchart chartjs-render-monitor" style="display: block;" height="0" width="0"></canvas>
  </div>
  <div class="chart-container">
    <h3>Circle chart</h3> <canvas class="circlechart chartjs-render-monitor" style="display: block;" height="0" width="0"></canvas>
  </div>
</div>
`;
